
> final_hci2@0.0.0 build
> tsc -b && vite build

src/app/components/ui/calendar.tsx(63,9): error TS2353: Object literal may only specify known properties, and 'IconLeft' does not exist in type 'Partial<CustomComponents>'.
src/app/components/ui/chart.tsx(109,3): error TS2339: Property 'payload' does not exist on type 'Omit<Props<ValueType, NameType>, PropertiesReadFromContext> & { active?: boolean | undefined; allowEscapeViewBox?: AllowInDimension | undefined; ... 24 more ...; wrapperStyle?: CSSProperties | undefined; } & ClassAttributes<...> & HTMLAttributes<...> & { ...; }'.
src/app/components/ui/chart.tsx(114,3): error TS2339: Property 'label' does not exist on type 'Omit<Props<ValueType, NameType>, PropertiesReadFromContext> & { active?: boolean | undefined; allowEscapeViewBox?: AllowInDimension | undefined; ... 24 more ...; wrapperStyle?: CSSProperties | undefined; } & ClassAttributes<...> & HTMLAttributes<...> & { ...; }'.
src/app/components/ui/chart.tsx(260,39): error TS2344: Type '"payload" | "verticalAlign"' does not satisfy the constraint '"string" | "filter" | "fill" | "values" | "children" | "className" | "color" | "style" | "href" | "media" | "target" | "type" | "suppressHydrationWarning" | "id" | "lang" | "nonce" | ... 434 more ... | "portal"'.
  Type '"payload"' is not assignable to type '"string" | "filter" | "fill" | "values" | "children" | "className" | "color" | "style" | "href" | "media" | "target" | "type" | "suppressHydrationWarning" | "id" | "lang" | "nonce" | ... 434 more ... | "portal"'.
src/app/components/ui/chart.tsx(266,17): error TS2339: Property 'length' does not exist on type '{}'.
src/app/components/ui/chart.tsx(278,16): error TS2339: Property 'map' does not exist on type '{}'.
src/app/components/ui/resizable.tsx(12,51): error TS2339: Property 'PanelGroup' does not exist on type 'typeof import("C:/Users/SRCB-IT-ADMIN/Desktop/Final_HCI2/node_modules/react-resizable-panels/dist/react-resizable-panels")'.
src/app/components/ui/resizable.tsx(14,25): error TS2339: Property 'PanelGroup' does not exist on type 'typeof import("C:/Users/SRCB-IT-ADMIN/Desktop/Final_HCI2/node_modules/react-resizable-panels/dist/react-resizable-panels")'.
src/app/components/ui/resizable.tsx(35,51): error TS2339: Property 'PanelResizeHandle' does not exist on type 'typeof import("C:/Users/SRCB-IT-ADMIN/Desktop/Final_HCI2/node_modules/react-resizable-panels/dist/react-resizable-panels")'.
src/app/components/ui/resizable.tsx(39,25): error TS2339: Property 'PanelResizeHandle' does not exist on type 'typeof import("C:/Users/SRCB-IT-ADMIN/Desktop/Final_HCI2/node_modules/react-resizable-panels/dist/react-resizable-panels")'.
src/app/components/ui/resizable.tsx(52,26): error TS2339: Property 'PanelResizeHandle' does not exist on type 'typeof import("C:/Users/SRCB-IT-ADMIN/Desktop/Final_HCI2/node_modules/react-resizable-panels/dist/react-resizable-panels")'.
src/app/components/ui/sidebar.tsx(5,10): error TS1484: 'VariantProps' is a type and must be imported using a type-only import when 'verbatimModuleSyntax' is enabled.
src/app/components/ui/sonner.tsx(4,29): error TS1484: 'ToasterProps' is a type and must be imported using a type-only import when 'verbatimModuleSyntax' is enabled.
